// Jest Snapshot v1, https://goo.gl/fbAQLP

exports[`Pruebas en <FirstApp /> Debe hacer match con el snapshot 1`] = `
<div>
  <h1>
    Hola soy goku
  </h1>
  <p>
    Default sub-title
  </p>
  <p>
    Miguel
  </p>
</div>
`;
